{
  "workflowRunCount" : 2,
  "studies" : [ "WGA_test" ],
  "sequencerRuns" : [ "110310_SN393_0116_A81ML9ABXX" ],
  "lanes" : [ "110310_SN393_0116_A81ML9ABXX_lane_5", "110310_SN393_0116_A81ML9ABXX_lane_6" ],
  "samples" : [ "PCSI_0005_Ly_R_PE_350_EX" ],
  "workflows" : [ "GenomicAlignmentNovoalign" ],
  "processingAlgorithms" : [ "PicardAddReadGroups" ],
  "fileMetaTypes" : [ "application/bam" ],
  "maxInputFiles" : 1,
  "minInputFiles" : 1,
  "totalInputFiles" : 2,
  "maxOutputFileProvenanceRecords" : 1,
  "minOutputFileProvenanceRecords" : 1,
  "totalOutputFileProvenanceRecords" : 2,
  "workflowRuns" : [ {
    "workflowIni" : {
      "bamqc_job_mem" : "8000",
      "java" : "/.mounts/labs/PDE/Modules/sw/jvm/jdk1.8.0_91/bin/java",
      "json_metadata" : "{\"run name\":\"110310_SN393_0116_A81ML9ABXX\",\"instrument\":\"SN393\",\"barcode\":\"NoIndex\",\"library\":\"PCSI_0005_Ly_R_PE_350_EX\",\"sample\":\"PCSI_0005_Ly_R_PE\",\"sample group\":\"PCSI_0005\",\"lane\":5,\"sequencing type\":\"EX\",\"workflow name\":\"GenomicAlignmentNovoalign\",\"workflow version\":\"0.10.4\",\"last modified\":\"1356120551554000\"}",
      "json_metadata_job_mem" : "4000",
      "manual_output" : "false",
      "map_qual_cut" : "30",
      "metadata" : "metadata",
      "metrics_script" : "/.mounts/labs/PDE/public/bam-qc-metrics/bam-qc-metrics-v1.0.8/bin/run_bam_qc.py",
      "normal_insert_max" : "1500",
      "output_dir" : "seqware-results",
      "output_path" : "NA",
      "picard" : "/oicr/local/sw/picard/picard-tools-1.92",
      "picard_job_memory" : "12000",
      "picard_memory" : "8000",
      "python" : "/.mounts/labs/PDE/public/bam-qc-metrics/miniconda3/bin/python3",
      "pythonpath" : "/.mounts/labs/PDE/public/bam-qc-metrics/bam-qc-metrics-v1.0.8/lib/python3.7/site-packages/",
      "reference" : "/oicr/data/reference/genomes/homo_sapiens/UCSC/Genomic/UCSC_hg19/fasta/hg19.fa",
      "sample_level" : "1100000",
      "target_bed" : "/.mounts/labs/PDE/data/TargetedSequencingQC/Agilent.SureSelect.All.Exon.V4/SureSelect_All_Exon_V4_Covered_Sorted.bed",
      "workflow_version" : "3.0.0"
    },
    "files" : [ {
      "studyTitle" : [ "WGA_test" ],
      "studyAttributes" : {
        "geo_lab_group_id" : [ [ "94" ] ]
      },
      "experimentName" : [ ],
      "experimentAttributes" : { },
      "sampleName" : [ "PCSI_0005_Ly_R_PE_350_EX" ],
      "sampleAttributes" : {
        "geo_external_name" : [ [ "4535-1" ] ],
        "geo_library_source_template_type" : [ [ "EX" ] ],
        "geo_organism" : [ [ "Homo sapiens" ] ],
        "geo_prep_kit" : [ [ "GA_PE", "None" ] ],
        "geo_reaction_id" : [ [ "3987" ] ],
        "geo_run_id_and_position_and_slot" : [ [ "609_5_1" ] ],
        "geo_targeted_resequencing" : [ [ "Agilent SureSelect ICGC/Sanger Exon" ] ],
        "geo_template_id" : [ [ "1265", "1682", "6966", "6972", "6973", "7024", "7025" ] ],
        "geo_template_type" : [ [ "Identity", "Illumina PE Library", "Illumina PE Library Seq", "gDNA", "gDNA_wga" ] ],
        "geo_tissue_origin" : [ [ "Ly" ] ],
        "geo_tissue_type" : [ [ "R" ] ]
      },
      "sequencerRunName" : [ "110310_SN393_0116_A81ML9ABXX" ],
      "sequencerRunAttributes" : {
        "geo_instrument_run_id" : [ [ "609" ] ]
      },
      "laneName" : [ "110310_SN393_0116_A81ML9ABXX_lane_5" ],
      "laneAttributes" : {
        "geo_lane" : [ [ "5" ] ]
      },
      "iusTag" : [ "NoIndex" ],
      "iusAttributes" : { },
      "workflowName" : [ "GenomicAlignmentNovoalign" ],
      "processingAlgorithm" : [ "PicardAddReadGroups" ],
      "processingAttributes" : { },
      "fileMetaType" : [ "application/bam" ],
      "fileAttributes" : { },
      "fileId" : 1703433587
    } ],
    "outputFileProvenanceRecords" : 1
  }, {
    "workflowIni" : {
      "bamqc_job_mem" : "8000",
      "java" : "/.mounts/labs/PDE/Modules/sw/jvm/jdk1.8.0_91/bin/java",
      "json_metadata" : "{\"run name\":\"110310_SN393_0116_A81ML9ABXX\",\"instrument\":\"SN393\",\"barcode\":\"NoIndex\",\"library\":\"PCSI_0005_Ly_R_PE_350_EX\",\"sample\":\"PCSI_0005_Ly_R_PE\",\"sample group\":\"PCSI_0005\",\"lane\":6,\"sequencing type\":\"EX\",\"workflow name\":\"GenomicAlignmentNovoalign\",\"workflow version\":\"0.10.4\",\"last modified\":\"1356158438143000\"}",
      "json_metadata_job_mem" : "4000",
      "manual_output" : "false",
      "map_qual_cut" : "30",
      "metadata" : "metadata",
      "metrics_script" : "/.mounts/labs/PDE/public/bam-qc-metrics/bam-qc-metrics-v1.0.8/bin/run_bam_qc.py",
      "normal_insert_max" : "1500",
      "output_dir" : "seqware-results",
      "output_path" : "NA",
      "picard" : "/oicr/local/sw/picard/picard-tools-1.92",
      "picard_job_memory" : "12000",
      "picard_memory" : "8000",
      "python" : "/.mounts/labs/PDE/public/bam-qc-metrics/miniconda3/bin/python3",
      "pythonpath" : "/.mounts/labs/PDE/public/bam-qc-metrics/bam-qc-metrics-v1.0.8/lib/python3.7/site-packages/",
      "reference" : "/oicr/data/reference/genomes/homo_sapiens/UCSC/Genomic/UCSC_hg19/fasta/hg19.fa",
      "sample_level" : "1100000",
      "target_bed" : "/.mounts/labs/PDE/data/TargetedSequencingQC/Agilent.SureSelect.All.Exon.V4/SureSelect_All_Exon_V4_Covered_Sorted.bed",
      "workflow_version" : "3.0.0"
    },
    "files" : [ {
      "studyTitle" : [ "WGA_test" ],
      "studyAttributes" : {
        "geo_lab_group_id" : [ [ "94" ] ]
      },
      "experimentName" : [ ],
      "experimentAttributes" : { },
      "sampleName" : [ "PCSI_0005_Ly_R_PE_350_EX" ],
      "sampleAttributes" : {
        "geo_external_name" : [ [ "4535-1" ] ],
        "geo_library_source_template_type" : [ [ "EX" ] ],
        "geo_organism" : [ [ "Homo sapiens" ] ],
        "geo_prep_kit" : [ [ "GA_PE", "None" ] ],
        "geo_reaction_id" : [ [ "3988" ] ],
        "geo_run_id_and_position_and_slot" : [ [ "609_6_1" ] ],
        "geo_targeted_resequencing" : [ [ "Agilent SureSelect ICGC/Sanger Exon" ] ],
        "geo_template_id" : [ [ "1265", "1682", "6966", "7017", "7018", "7020", "7021" ] ],
        "geo_template_type" : [ [ "Identity", "Illumina PE Library", "Illumina PE Library Seq", "gDNA", "gDNA_wga" ] ],
        "geo_tissue_origin" : [ [ "Ly" ] ],
        "geo_tissue_type" : [ [ "R" ] ]
      },
      "sequencerRunName" : [ "110310_SN393_0116_A81ML9ABXX" ],
      "sequencerRunAttributes" : {
        "geo_instrument_run_id" : [ [ "609" ] ]
      },
      "laneName" : [ "110310_SN393_0116_A81ML9ABXX_lane_6" ],
      "laneAttributes" : {
        "geo_lane" : [ [ "6" ] ]
      },
      "iusTag" : [ "NoIndex" ],
      "iusAttributes" : { },
      "workflowName" : [ "GenomicAlignmentNovoalign" ],
      "processingAlgorithm" : [ "PicardAddReadGroups" ],
      "processingAttributes" : { },
      "fileMetaType" : [ "application/bam" ],
      "fileAttributes" : { },
      "fileId" : 1062143669
    } ],
    "outputFileProvenanceRecords" : 1
  } ]
}