{
  "workflowRunCount" : 8,
  "studies" : [ "SingleCellSeq" ],
  "sequencerRuns" : [ "120912_h804_0094_BD181GACXX" ],
  "lanes" : [ "120912_h804_0094_BD181GACXX_lane_1", "120912_h804_0094_BD181GACXX_lane_2", "120912_h804_0094_BD181GACXX_lane_3", "120912_h804_0094_BD181GACXX_lane_4", "120912_h804_0094_BD181GACXX_lane_5", "120912_h804_0094_BD181GACXX_lane_6", "120912_h804_0094_BD181GACXX_lane_7", "120912_h804_0094_BD181GACXX_lane_8" ],
  "samples" : [ "SCS_0006_nn_n_PE_300_WG", "SCS_0007_nn_n_PE_300_WG", "SCS_0008_nn_n_PE_300_WG" ],
  "workflows" : [ "GenomicAlignmentNovoalign" ],
  "processingAlgorithms" : [ "PicardAddReadGroups" ],
  "fileMetaTypes" : [ "application/bam" ],
  "maxInputFiles" : 1,
  "minInputFiles" : 1,
  "totalInputFiles" : 8,
  "maxOutputFileProvenanceRecords" : 1,
  "minOutputFileProvenanceRecords" : 1,
  "totalOutputFileProvenanceRecords" : 8,
  "workflowRuns" : [ {
    "workflowIni" : {
      "bamqc_job_mem" : "8000",
      "java" : "/.mounts/labs/PDE/Modules/sw/jvm/jdk1.8.0_91/bin/java",
      "json_metadata" : "{\"run name\":\"120912_h804_0094_BD181GACXX\",\"instrument\":\"h804\",\"barcode\":\"NoIndex\",\"library\":\"SCS_0006_nn_n_PE_300_WG\",\"sample\":\"SCS_0006_nn_n_PE\",\"sample group\":\"SCS_0006\",\"lane\":1,\"sequencing type\":\"WG\",\"workflow name\":\"GenomicAlignmentNovoalign\",\"workflow version\":\"0.10.1\",\"last modified\":\"1349877005451000\"}",
      "json_metadata_job_mem" : "4000",
      "manual_output" : "false",
      "map_qual_cut" : "30",
      "metadata" : "metadata",
      "metrics_script" : "/.mounts/labs/PDE/public/bam-qc-metrics/bam-qc-metrics-v1.0.8/bin/run_bam_qc.py",
      "normal_insert_max" : "1500",
      "output_dir" : "seqware-results",
      "output_path" : "NA",
      "picard" : "/oicr/local/sw/picard/picard-tools-1.92",
      "picard_job_memory" : "12000",
      "picard_memory" : "8000",
      "python" : "/.mounts/labs/PDE/public/bam-qc-metrics/miniconda3/bin/python3",
      "pythonpath" : "/.mounts/labs/PDE/public/bam-qc-metrics/bam-qc-metrics-v1.0.8/lib/python3.7/site-packages/",
      "reference" : "/oicr/data/reference/genomes/homo_sapiens/UCSC/Genomic/UCSC_hg19/fasta/hg19.fa",
      "sample_level" : "1100000",
      "target_bed" : "/oicr/data/genomes/homo_sapiens/UCSC/Genomic/UCSC_hg19_random/hg19_random.genome.sizes.bed",
      "workflow_version" : "3.0.0"
    },
    "files" : [ {
      "studyTitle" : [ "SingleCellSeq" ],
      "studyAttributes" : {
        "geo_lab_group_id" : [ [ "138" ] ]
      },
      "experimentName" : [ ],
      "experimentAttributes" : { },
      "sampleName" : [ "SCS_0006_nn_n_PE_300_WG" ],
      "sampleAttributes" : {
        "geo_external_name" : [ [ "G3.1-10_H" ] ],
        "geo_library_source_template_type" : [ [ "WG" ] ],
        "geo_organism" : [ [ "Homo sapiens" ] ],
        "geo_prep_kit" : [ [ "GA_multiplex" ] ],
        "geo_reaction_id" : [ [ "7122", "7489", "7490", "7491" ] ],
        "geo_run_id_and_position_and_slot" : [ [ "1068_6_1", "1130_1_2", "1130_2_2", "1130_3_2" ] ],
        "geo_template_id" : [ [ "21539", "21557", "21558" ] ],
        "geo_template_type" : [ [ "Identity", "Illumina PE Library", "Illumina PE Library Seq" ] ],
        "geo_tissue_origin" : [ [ "nn" ] ],
        "geo_tissue_type" : [ [ "n" ] ]
      },
      "sequencerRunName" : [ "120912_h804_0094_BD181GACXX" ],
      "sequencerRunAttributes" : {
        "geo_instrument_run_id" : [ [ "1130" ] ]
      },
      "laneName" : [ "120912_h804_0094_BD181GACXX_lane_1" ],
      "laneAttributes" : {
        "geo_lane" : [ [ "1" ] ]
      },
      "iusTag" : [ "NoIndex" ],
      "iusAttributes" : { },
      "workflowName" : [ "GenomicAlignmentNovoalign" ],
      "processingAlgorithm" : [ "PicardAddReadGroups" ],
      "processingAttributes" : { },
      "fileMetaType" : [ "application/bam" ],
      "fileAttributes" : { },
      "fileId" : -1065943906
    } ],
    "outputFileProvenanceRecords" : 1
  }, {
    "workflowIni" : {
      "bamqc_job_mem" : "8000",
      "java" : "/.mounts/labs/PDE/Modules/sw/jvm/jdk1.8.0_91/bin/java",
      "json_metadata" : "{\"run name\":\"120912_h804_0094_BD181GACXX\",\"instrument\":\"h804\",\"barcode\":\"NoIndex\",\"library\":\"SCS_0006_nn_n_PE_300_WG\",\"sample\":\"SCS_0006_nn_n_PE\",\"sample group\":\"SCS_0006\",\"lane\":2,\"sequencing type\":\"WG\",\"workflow name\":\"GenomicAlignmentNovoalign\",\"workflow version\":\"0.10.1\",\"last modified\":\"1349414363385000\"}",
      "json_metadata_job_mem" : "4000",
      "manual_output" : "false",
      "map_qual_cut" : "30",
      "metadata" : "metadata",
      "metrics_script" : "/.mounts/labs/PDE/public/bam-qc-metrics/bam-qc-metrics-v1.0.8/bin/run_bam_qc.py",
      "normal_insert_max" : "1500",
      "output_dir" : "seqware-results",
      "output_path" : "NA",
      "picard" : "/oicr/local/sw/picard/picard-tools-1.92",
      "picard_job_memory" : "12000",
      "picard_memory" : "8000",
      "python" : "/.mounts/labs/PDE/public/bam-qc-metrics/miniconda3/bin/python3",
      "pythonpath" : "/.mounts/labs/PDE/public/bam-qc-metrics/bam-qc-metrics-v1.0.8/lib/python3.7/site-packages/",
      "reference" : "/oicr/data/reference/genomes/homo_sapiens/UCSC/Genomic/UCSC_hg19/fasta/hg19.fa",
      "sample_level" : "1100000",
      "target_bed" : "/oicr/data/genomes/homo_sapiens/UCSC/Genomic/UCSC_hg19_random/hg19_random.genome.sizes.bed",
      "workflow_version" : "3.0.0"
    },
    "files" : [ {
      "studyTitle" : [ "SingleCellSeq" ],
      "studyAttributes" : {
        "geo_lab_group_id" : [ [ "138" ] ]
      },
      "experimentName" : [ ],
      "experimentAttributes" : { },
      "sampleName" : [ "SCS_0006_nn_n_PE_300_WG" ],
      "sampleAttributes" : {
        "geo_external_name" : [ [ "G3.1-10_H" ] ],
        "geo_library_source_template_type" : [ [ "WG" ] ],
        "geo_organism" : [ [ "Homo sapiens" ] ],
        "geo_prep_kit" : [ [ "GA_multiplex" ] ],
        "geo_reaction_id" : [ [ "7122", "7489", "7490", "7491" ] ],
        "geo_run_id_and_position_and_slot" : [ [ "1068_6_1", "1130_1_2", "1130_2_2", "1130_3_2" ] ],
        "geo_template_id" : [ [ "21539", "21557", "21558" ] ],
        "geo_template_type" : [ [ "Identity", "Illumina PE Library", "Illumina PE Library Seq" ] ],
        "geo_tissue_origin" : [ [ "nn" ] ],
        "geo_tissue_type" : [ [ "n" ] ]
      },
      "sequencerRunName" : [ "120912_h804_0094_BD181GACXX" ],
      "sequencerRunAttributes" : {
        "geo_instrument_run_id" : [ [ "1130" ] ]
      },
      "laneName" : [ "120912_h804_0094_BD181GACXX_lane_2" ],
      "laneAttributes" : {
        "geo_lane" : [ [ "2" ] ]
      },
      "iusTag" : [ "NoIndex" ],
      "iusAttributes" : { },
      "workflowName" : [ "GenomicAlignmentNovoalign" ],
      "processingAlgorithm" : [ "PicardAddReadGroups" ],
      "processingAttributes" : { },
      "fileMetaType" : [ "application/bam" ],
      "fileAttributes" : { },
      "fileId" : -183673678
    } ],
    "outputFileProvenanceRecords" : 1
  }, {
    "workflowIni" : {
      "bamqc_job_mem" : "8000",
      "java" : "/.mounts/labs/PDE/Modules/sw/jvm/jdk1.8.0_91/bin/java",
      "json_metadata" : "{\"run name\":\"120912_h804_0094_BD181GACXX\",\"instrument\":\"h804\",\"barcode\":\"NoIndex\",\"library\":\"SCS_0006_nn_n_PE_300_WG\",\"sample\":\"SCS_0006_nn_n_PE\",\"sample group\":\"SCS_0006\",\"lane\":3,\"sequencing type\":\"WG\",\"workflow name\":\"GenomicAlignmentNovoalign\",\"workflow version\":\"0.10.1\",\"last modified\":\"1350108255743000\"}",
      "json_metadata_job_mem" : "4000",
      "manual_output" : "false",
      "map_qual_cut" : "30",
      "metadata" : "metadata",
      "metrics_script" : "/.mounts/labs/PDE/public/bam-qc-metrics/bam-qc-metrics-v1.0.8/bin/run_bam_qc.py",
      "normal_insert_max" : "1500",
      "output_dir" : "seqware-results",
      "output_path" : "NA",
      "picard" : "/oicr/local/sw/picard/picard-tools-1.92",
      "picard_job_memory" : "12000",
      "picard_memory" : "8000",
      "python" : "/.mounts/labs/PDE/public/bam-qc-metrics/miniconda3/bin/python3",
      "pythonpath" : "/.mounts/labs/PDE/public/bam-qc-metrics/bam-qc-metrics-v1.0.8/lib/python3.7/site-packages/",
      "reference" : "/oicr/data/reference/genomes/homo_sapiens/UCSC/Genomic/UCSC_hg19/fasta/hg19.fa",
      "sample_level" : "1100000",
      "target_bed" : "/oicr/data/genomes/homo_sapiens/UCSC/Genomic/UCSC_hg19_random/hg19_random.genome.sizes.bed",
      "workflow_version" : "3.0.0"
    },
    "files" : [ {
      "studyTitle" : [ "SingleCellSeq" ],
      "studyAttributes" : {
        "geo_lab_group_id" : [ [ "138" ] ]
      },
      "experimentName" : [ ],
      "experimentAttributes" : { },
      "sampleName" : [ "SCS_0006_nn_n_PE_300_WG" ],
      "sampleAttributes" : {
        "geo_external_name" : [ [ "G3.1-10_H" ] ],
        "geo_library_source_template_type" : [ [ "WG" ] ],
        "geo_organism" : [ [ "Homo sapiens" ] ],
        "geo_prep_kit" : [ [ "GA_multiplex" ] ],
        "geo_reaction_id" : [ [ "7122", "7489", "7490", "7491" ] ],
        "geo_run_id_and_position_and_slot" : [ [ "1068_6_1", "1130_1_2", "1130_2_2", "1130_3_2" ] ],
        "geo_template_id" : [ [ "21539", "21557", "21558" ] ],
        "geo_template_type" : [ [ "Identity", "Illumina PE Library", "Illumina PE Library Seq" ] ],
        "geo_tissue_origin" : [ [ "nn" ] ],
        "geo_tissue_type" : [ [ "n" ] ]
      },
      "sequencerRunName" : [ "120912_h804_0094_BD181GACXX" ],
      "sequencerRunAttributes" : {
        "geo_instrument_run_id" : [ [ "1130" ] ]
      },
      "laneName" : [ "120912_h804_0094_BD181GACXX_lane_3" ],
      "laneAttributes" : {
        "geo_lane" : [ [ "3" ] ]
      },
      "iusTag" : [ "NoIndex" ],
      "iusAttributes" : { },
      "workflowName" : [ "GenomicAlignmentNovoalign" ],
      "processingAlgorithm" : [ "PicardAddReadGroups" ],
      "processingAttributes" : { },
      "fileMetaType" : [ "application/bam" ],
      "fileAttributes" : { },
      "fileId" : 1013662556
    } ],
    "outputFileProvenanceRecords" : 1
  }, {
    "workflowIni" : {
      "bamqc_job_mem" : "8000",
      "java" : "/.mounts/labs/PDE/Modules/sw/jvm/jdk1.8.0_91/bin/java",
      "json_metadata" : "{\"run name\":\"120912_h804_0094_BD181GACXX\",\"instrument\":\"h804\",\"barcode\":\"NoIndex\",\"library\":\"SCS_0007_nn_n_PE_300_WG\",\"sample\":\"SCS_0007_nn_n_PE\",\"sample group\":\"SCS_0007\",\"lane\":4,\"sequencing type\":\"WG\",\"workflow name\":\"GenomicAlignmentNovoalign\",\"workflow version\":\"0.10.1\",\"last modified\":\"1349514811025000\"}",
      "json_metadata_job_mem" : "4000",
      "manual_output" : "false",
      "map_qual_cut" : "30",
      "metadata" : "metadata",
      "metrics_script" : "/.mounts/labs/PDE/public/bam-qc-metrics/bam-qc-metrics-v1.0.8/bin/run_bam_qc.py",
      "normal_insert_max" : "1500",
      "output_dir" : "seqware-results",
      "output_path" : "NA",
      "picard" : "/oicr/local/sw/picard/picard-tools-1.92",
      "picard_job_memory" : "12000",
      "picard_memory" : "8000",
      "python" : "/.mounts/labs/PDE/public/bam-qc-metrics/miniconda3/bin/python3",
      "pythonpath" : "/.mounts/labs/PDE/public/bam-qc-metrics/bam-qc-metrics-v1.0.8/lib/python3.7/site-packages/",
      "reference" : "/oicr/data/reference/genomes/homo_sapiens/UCSC/Genomic/UCSC_hg19/fasta/hg19.fa",
      "sample_level" : "1100000",
      "target_bed" : "/oicr/data/genomes/homo_sapiens/UCSC/Genomic/UCSC_hg19_random/hg19_random.genome.sizes.bed",
      "workflow_version" : "3.0.0"
    },
    "files" : [ {
      "studyTitle" : [ "SingleCellSeq" ],
      "studyAttributes" : {
        "geo_lab_group_id" : [ [ "138" ] ]
      },
      "experimentName" : [ ],
      "experimentAttributes" : { },
      "sampleName" : [ "SCS_0007_nn_n_PE_300_WG" ],
      "sampleAttributes" : {
        "geo_external_name" : [ [ "G0" ] ],
        "geo_library_source_template_type" : [ [ "WG" ] ],
        "geo_organism" : [ [ "Homo sapiens" ] ],
        "geo_prep_kit" : [ [ "GA_multiplex" ] ],
        "geo_reaction_id" : [ [ "7134", "7492", "7493", "7494" ] ],
        "geo_run_id_and_position_and_slot" : [ [ "1070_6_1", "1130_4_2", "1130_5_2", "1130_6_2" ] ],
        "geo_template_id" : [ [ "21540", "21559", "21560" ] ],
        "geo_template_type" : [ [ "Identity", "Illumina PE Library", "Illumina PE Library Seq" ] ],
        "geo_tissue_origin" : [ [ "nn" ] ],
        "geo_tissue_type" : [ [ "n" ] ]
      },
      "sequencerRunName" : [ "120912_h804_0094_BD181GACXX" ],
      "sequencerRunAttributes" : {
        "geo_instrument_run_id" : [ [ "1130" ] ]
      },
      "laneName" : [ "120912_h804_0094_BD181GACXX_lane_4" ],
      "laneAttributes" : {
        "geo_lane" : [ [ "4" ] ]
      },
      "iusTag" : [ "NoIndex" ],
      "iusAttributes" : { },
      "workflowName" : [ "GenomicAlignmentNovoalign" ],
      "processingAlgorithm" : [ "PicardAddReadGroups" ],
      "processingAttributes" : { },
      "fileMetaType" : [ "application/bam" ],
      "fileAttributes" : { },
      "fileId" : -1312368166
    } ],
    "outputFileProvenanceRecords" : 1
  }, {
    "workflowIni" : {
      "bamqc_job_mem" : "8000",
      "java" : "/.mounts/labs/PDE/Modules/sw/jvm/jdk1.8.0_91/bin/java",
      "json_metadata" : "{\"run name\":\"120912_h804_0094_BD181GACXX\",\"instrument\":\"h804\",\"barcode\":\"NoIndex\",\"library\":\"SCS_0007_nn_n_PE_300_WG\",\"sample\":\"SCS_0007_nn_n_PE\",\"sample group\":\"SCS_0007\",\"lane\":5,\"sequencing type\":\"WG\",\"workflow name\":\"GenomicAlignmentNovoalign\",\"workflow version\":\"0.10.1\",\"last modified\":\"1349408959676000\"}",
      "json_metadata_job_mem" : "4000",
      "manual_output" : "false",
      "map_qual_cut" : "30",
      "metadata" : "metadata",
      "metrics_script" : "/.mounts/labs/PDE/public/bam-qc-metrics/bam-qc-metrics-v1.0.8/bin/run_bam_qc.py",
      "normal_insert_max" : "1500",
      "output_dir" : "seqware-results",
      "output_path" : "NA",
      "picard" : "/oicr/local/sw/picard/picard-tools-1.92",
      "picard_job_memory" : "12000",
      "picard_memory" : "8000",
      "python" : "/.mounts/labs/PDE/public/bam-qc-metrics/miniconda3/bin/python3",
      "pythonpath" : "/.mounts/labs/PDE/public/bam-qc-metrics/bam-qc-metrics-v1.0.8/lib/python3.7/site-packages/",
      "reference" : "/oicr/data/reference/genomes/homo_sapiens/UCSC/Genomic/UCSC_hg19/fasta/hg19.fa",
      "sample_level" : "1100000",
      "target_bed" : "/oicr/data/genomes/homo_sapiens/UCSC/Genomic/UCSC_hg19_random/hg19_random.genome.sizes.bed",
      "workflow_version" : "3.0.0"
    },
    "files" : [ {
      "studyTitle" : [ "SingleCellSeq" ],
      "studyAttributes" : {
        "geo_lab_group_id" : [ [ "138" ] ]
      },
      "experimentName" : [ ],
      "experimentAttributes" : { },
      "sampleName" : [ "SCS_0007_nn_n_PE_300_WG" ],
      "sampleAttributes" : {
        "geo_external_name" : [ [ "G0" ] ],
        "geo_library_source_template_type" : [ [ "WG" ] ],
        "geo_organism" : [ [ "Homo sapiens" ] ],
        "geo_prep_kit" : [ [ "GA_multiplex" ] ],
        "geo_reaction_id" : [ [ "7134", "7492", "7493", "7494" ] ],
        "geo_run_id_and_position_and_slot" : [ [ "1070_6_1", "1130_4_2", "1130_5_2", "1130_6_2" ] ],
        "geo_template_id" : [ [ "21540", "21559", "21560" ] ],
        "geo_template_type" : [ [ "Identity", "Illumina PE Library", "Illumina PE Library Seq" ] ],
        "geo_tissue_origin" : [ [ "nn" ] ],
        "geo_tissue_type" : [ [ "n" ] ]
      },
      "sequencerRunName" : [ "120912_h804_0094_BD181GACXX" ],
      "sequencerRunAttributes" : {
        "geo_instrument_run_id" : [ [ "1130" ] ]
      },
      "laneName" : [ "120912_h804_0094_BD181GACXX_lane_5" ],
      "laneAttributes" : {
        "geo_lane" : [ [ "5" ] ]
      },
      "iusTag" : [ "NoIndex" ],
      "iusAttributes" : { },
      "workflowName" : [ "GenomicAlignmentNovoalign" ],
      "processingAlgorithm" : [ "PicardAddReadGroups" ],
      "processingAttributes" : { },
      "fileMetaType" : [ "application/bam" ],
      "fileAttributes" : { },
      "fileId" : 1697166438
    } ],
    "outputFileProvenanceRecords" : 1
  }, {
    "workflowIni" : {
      "bamqc_job_mem" : "8000",
      "java" : "/.mounts/labs/PDE/Modules/sw/jvm/jdk1.8.0_91/bin/java",
      "json_metadata" : "{\"run name\":\"120912_h804_0094_BD181GACXX\",\"instrument\":\"h804\",\"barcode\":\"NoIndex\",\"library\":\"SCS_0007_nn_n_PE_300_WG\",\"sample\":\"SCS_0007_nn_n_PE\",\"sample group\":\"SCS_0007\",\"lane\":6,\"sequencing type\":\"WG\",\"workflow name\":\"GenomicAlignmentNovoalign\",\"workflow version\":\"0.10.1\",\"last modified\":\"1349410401304000\"}",
      "json_metadata_job_mem" : "4000",
      "manual_output" : "false",
      "map_qual_cut" : "30",
      "metadata" : "metadata",
      "metrics_script" : "/.mounts/labs/PDE/public/bam-qc-metrics/bam-qc-metrics-v1.0.8/bin/run_bam_qc.py",
      "normal_insert_max" : "1500",
      "output_dir" : "seqware-results",
      "output_path" : "NA",
      "picard" : "/oicr/local/sw/picard/picard-tools-1.92",
      "picard_job_memory" : "12000",
      "picard_memory" : "8000",
      "python" : "/.mounts/labs/PDE/public/bam-qc-metrics/miniconda3/bin/python3",
      "pythonpath" : "/.mounts/labs/PDE/public/bam-qc-metrics/bam-qc-metrics-v1.0.8/lib/python3.7/site-packages/",
      "reference" : "/oicr/data/reference/genomes/homo_sapiens/UCSC/Genomic/UCSC_hg19/fasta/hg19.fa",
      "sample_level" : "1100000",
      "target_bed" : "/oicr/data/genomes/homo_sapiens/UCSC/Genomic/UCSC_hg19_random/hg19_random.genome.sizes.bed",
      "workflow_version" : "3.0.0"
    },
    "files" : [ {
      "studyTitle" : [ "SingleCellSeq" ],
      "studyAttributes" : {
        "geo_lab_group_id" : [ [ "138" ] ]
      },
      "experimentName" : [ ],
      "experimentAttributes" : { },
      "sampleName" : [ "SCS_0007_nn_n_PE_300_WG" ],
      "sampleAttributes" : {
        "geo_external_name" : [ [ "G0" ] ],
        "geo_library_source_template_type" : [ [ "WG" ] ],
        "geo_organism" : [ [ "Homo sapiens" ] ],
        "geo_prep_kit" : [ [ "GA_multiplex" ] ],
        "geo_reaction_id" : [ [ "7134", "7492", "7493", "7494" ] ],
        "geo_run_id_and_position_and_slot" : [ [ "1070_6_1", "1130_4_2", "1130_5_2", "1130_6_2" ] ],
        "geo_template_id" : [ [ "21540", "21559", "21560" ] ],
        "geo_template_type" : [ [ "Identity", "Illumina PE Library", "Illumina PE Library Seq" ] ],
        "geo_tissue_origin" : [ [ "nn" ] ],
        "geo_tissue_type" : [ [ "n" ] ]
      },
      "sequencerRunName" : [ "120912_h804_0094_BD181GACXX" ],
      "sequencerRunAttributes" : {
        "geo_instrument_run_id" : [ [ "1130" ] ]
      },
      "laneName" : [ "120912_h804_0094_BD181GACXX_lane_6" ],
      "laneAttributes" : {
        "geo_lane" : [ [ "6" ] ]
      },
      "iusTag" : [ "NoIndex" ],
      "iusAttributes" : { },
      "workflowName" : [ "GenomicAlignmentNovoalign" ],
      "processingAlgorithm" : [ "PicardAddReadGroups" ],
      "processingAttributes" : { },
      "fileMetaType" : [ "application/bam" ],
      "fileAttributes" : { },
      "fileId" : 625928507
    } ],
    "outputFileProvenanceRecords" : 1
  }, {
    "workflowIni" : {
      "bamqc_job_mem" : "8000",
      "java" : "/.mounts/labs/PDE/Modules/sw/jvm/jdk1.8.0_91/bin/java",
      "json_metadata" : "{\"run name\":\"120912_h804_0094_BD181GACXX\",\"instrument\":\"h804\",\"barcode\":\"NoIndex\",\"library\":\"SCS_0008_nn_n_PE_300_WG\",\"sample\":\"SCS_0008_nn_n_PE\",\"sample group\":\"SCS_0008\",\"lane\":7,\"sequencing type\":\"WG\",\"workflow name\":\"GenomicAlignmentNovoalign\",\"workflow version\":\"0.10.1\",\"last modified\":\"1350054349760000\"}",
      "json_metadata_job_mem" : "4000",
      "manual_output" : "false",
      "map_qual_cut" : "30",
      "metadata" : "metadata",
      "metrics_script" : "/.mounts/labs/PDE/public/bam-qc-metrics/bam-qc-metrics-v1.0.8/bin/run_bam_qc.py",
      "normal_insert_max" : "1500",
      "output_dir" : "seqware-results",
      "output_path" : "NA",
      "picard" : "/oicr/local/sw/picard/picard-tools-1.92",
      "picard_job_memory" : "12000",
      "picard_memory" : "8000",
      "python" : "/.mounts/labs/PDE/public/bam-qc-metrics/miniconda3/bin/python3",
      "pythonpath" : "/.mounts/labs/PDE/public/bam-qc-metrics/bam-qc-metrics-v1.0.8/lib/python3.7/site-packages/",
      "reference" : "/oicr/data/reference/genomes/homo_sapiens/UCSC/Genomic/UCSC_hg19/fasta/hg19.fa",
      "sample_level" : "1100000",
      "target_bed" : "/oicr/data/genomes/homo_sapiens/UCSC/Genomic/UCSC_hg19_random/hg19_random.genome.sizes.bed",
      "workflow_version" : "3.0.0"
    },
    "files" : [ {
      "studyTitle" : [ "SingleCellSeq" ],
      "studyAttributes" : {
        "geo_lab_group_id" : [ [ "138" ] ]
      },
      "experimentName" : [ ],
      "experimentAttributes" : { },
      "sampleName" : [ "SCS_0008_nn_n_PE_300_WG" ],
      "sampleAttributes" : {
        "geo_external_name" : [ [ "G2.5" ] ],
        "geo_library_source_template_type" : [ [ "WG" ] ],
        "geo_organism" : [ [ "Homo sapiens" ] ],
        "geo_prep_kit" : [ [ "GA_multiplex" ] ],
        "geo_reaction_id" : [ [ "7135", "7495", "7496" ] ],
        "geo_run_id_and_position_and_slot" : [ [ "1070_7_1", "1130_7_2", "1130_8_2" ] ],
        "geo_template_id" : [ [ "21541", "21561", "21562" ] ],
        "geo_template_type" : [ [ "Identity", "Illumina PE Library", "Illumina PE Library Seq" ] ],
        "geo_tissue_origin" : [ [ "nn" ] ],
        "geo_tissue_type" : [ [ "n" ] ]
      },
      "sequencerRunName" : [ "120912_h804_0094_BD181GACXX" ],
      "sequencerRunAttributes" : {
        "geo_instrument_run_id" : [ [ "1130" ] ]
      },
      "laneName" : [ "120912_h804_0094_BD181GACXX_lane_7" ],
      "laneAttributes" : {
        "geo_lane" : [ [ "7" ] ]
      },
      "iusTag" : [ "NoIndex" ],
      "iusAttributes" : { },
      "workflowName" : [ "GenomicAlignmentNovoalign" ],
      "processingAlgorithm" : [ "PicardAddReadGroups" ],
      "processingAttributes" : { },
      "fileMetaType" : [ "application/bam" ],
      "fileAttributes" : { },
      "fileId" : -1832690829
    } ],
    "outputFileProvenanceRecords" : 1
  }, {
    "workflowIni" : {
      "bamqc_job_mem" : "8000",
      "java" : "/.mounts/labs/PDE/Modules/sw/jvm/jdk1.8.0_91/bin/java",
      "json_metadata" : "{\"run name\":\"120912_h804_0094_BD181GACXX\",\"instrument\":\"h804\",\"barcode\":\"NoIndex\",\"library\":\"SCS_0008_nn_n_PE_300_WG\",\"sample\":\"SCS_0008_nn_n_PE\",\"sample group\":\"SCS_0008\",\"lane\":8,\"sequencing type\":\"WG\",\"workflow name\":\"GenomicAlignmentNovoalign\",\"workflow version\":\"0.10.1\",\"last modified\":\"1349422840149000\"}",
      "json_metadata_job_mem" : "4000",
      "manual_output" : "false",
      "map_qual_cut" : "30",
      "metadata" : "metadata",
      "metrics_script" : "/.mounts/labs/PDE/public/bam-qc-metrics/bam-qc-metrics-v1.0.8/bin/run_bam_qc.py",
      "normal_insert_max" : "1500",
      "output_dir" : "seqware-results",
      "output_path" : "NA",
      "picard" : "/oicr/local/sw/picard/picard-tools-1.92",
      "picard_job_memory" : "12000",
      "picard_memory" : "8000",
      "python" : "/.mounts/labs/PDE/public/bam-qc-metrics/miniconda3/bin/python3",
      "pythonpath" : "/.mounts/labs/PDE/public/bam-qc-metrics/bam-qc-metrics-v1.0.8/lib/python3.7/site-packages/",
      "reference" : "/oicr/data/reference/genomes/homo_sapiens/UCSC/Genomic/UCSC_hg19/fasta/hg19.fa",
      "sample_level" : "1100000",
      "target_bed" : "/oicr/data/genomes/homo_sapiens/UCSC/Genomic/UCSC_hg19_random/hg19_random.genome.sizes.bed",
      "workflow_version" : "3.0.0"
    },
    "files" : [ {
      "studyTitle" : [ "SingleCellSeq" ],
      "studyAttributes" : {
        "geo_lab_group_id" : [ [ "138" ] ]
      },
      "experimentName" : [ ],
      "experimentAttributes" : { },
      "sampleName" : [ "SCS_0008_nn_n_PE_300_WG" ],
      "sampleAttributes" : {
        "geo_external_name" : [ [ "G2.5" ] ],
        "geo_library_source_template_type" : [ [ "WG" ] ],
        "geo_organism" : [ [ "Homo sapiens" ] ],
        "geo_prep_kit" : [ [ "GA_multiplex" ] ],
        "geo_reaction_id" : [ [ "7135", "7495", "7496" ] ],
        "geo_run_id_and_position_and_slot" : [ [ "1070_7_1", "1130_7_2", "1130_8_2" ] ],
        "geo_template_id" : [ [ "21541", "21561", "21562" ] ],
        "geo_template_type" : [ [ "Identity", "Illumina PE Library", "Illumina PE Library Seq" ] ],
        "geo_tissue_origin" : [ [ "nn" ] ],
        "geo_tissue_type" : [ [ "n" ] ]
      },
      "sequencerRunName" : [ "120912_h804_0094_BD181GACXX" ],
      "sequencerRunAttributes" : {
        "geo_instrument_run_id" : [ [ "1130" ] ]
      },
      "laneName" : [ "120912_h804_0094_BD181GACXX_lane_8" ],
      "laneAttributes" : {
        "geo_lane" : [ [ "8" ] ]
      },
      "iusTag" : [ "NoIndex" ],
      "iusAttributes" : { },
      "workflowName" : [ "GenomicAlignmentNovoalign" ],
      "processingAlgorithm" : [ "PicardAddReadGroups" ],
      "processingAttributes" : { },
      "fileMetaType" : [ "application/bam" ],
      "fileAttributes" : { },
      "fileId" : 1513304839
    } ],
    "outputFileProvenanceRecords" : 1
  } ]
}